<html>
<body>
<pre>
<h1>µVision Build Log</h1>
<h2>Tool Versions:</h2>
IDE-Version: µVision V5.30.0.0
Copyright (C) 2020 ARM Ltd and ARM Germany GmbH. All rights reserved.
License Information: hfgfgfgfgfgfgy yryyu, kljp, LIC=----
 
Tool Versions:
Toolchain:       MDK-Lite  Version: 5.30.0.0
Toolchain Path:  C:\Keil_v5\ARM\ARMCC\Bin
C Compiler:      Armcc.exe V5.06 update 6 (build 750)
Assembler:       Armasm.exe V5.06 update 6 (build 750)
Linker/Locator:  ArmLink.exe V5.06 update 6 (build 750)
Library Manager: ArmAr.exe V5.06 update 6 (build 750)
Hex Converter:   FromElf.exe V5.06 update 6 (build 750)
CPU DLL:         SARMCM3.DLL V5.30.0.0
Dialog DLL:      DCM.DLL V1.17.3.0
Target DLL:      STLink\ST-LINKIII-KEIL_SWO.dll V3.0.7.0
Dialog DLL:      TCM.DLL V1.42.0.0
 
<h2>Project:</h2>
C:\Users\INNOLIA F\OneDrive\Documents\STM32_BARATH_Pro\01_CAN_Receiver\MDK-ARM\01_CAN_Receiver.uvprojx
Project File Date:  08/24/2023

<h2>Output:</h2>
*** Using Compiler 'V5.06 update 6 (build 750)', folder: 'C:\Keil_v5\ARM\ARMCC\Bin'
Build target '01_CAN_Receiver'
compiling main.c...
../Core/Src/main.c(331): warning:  #223-D: function "strlen" declared implicitly
    sprintf(uart_msg, "ID:-> 0x%0X,Data[0]: 0x%02X, Data[1]: 0x%02X, Data[2]: 0x%02X, Data[3]: 0x%02X, Data[4]: 0x%02X,, Data[5]: 0x%02X,, Data[6]: 0x%02X, Data[7]: 0x%02X\r\n",Identifire, RX_Can_Data[0], RX_Can_Data[1], RX_Can_Data[2],RX_Can_Data[3],RX_Can_Data[4],RX_Can_Data[5],RX_Can_Data[6],RX_Can_Data[7]);                       HAL_UART_Transmit(&huart1, (uint8_t*)uart_msg, strlen(uart_msg), 1000);
../Core/Src/main.c: 1 warning, 0 errors
linking...
Program Size: Code=6720 RO-data=444 RW-data=32 ZI-data=1280  
FromELF: creating hex file...
"01_CAN_Receiver\01_CAN_Receiver.axf" - 0 Error(s), 1 Warning(s).

<h2>Software Packages used:</h2>

Package Vendor: ARM
                http://www.keil.com/pack/ARM.CMSIS.5.9.0.pack
                ARM.CMSIS.5.9.0
                CMSIS (Common Microcontroller Software Interface Standard)
   * Component: CORE Version: 5.6.0

Package Vendor: Keil
                https://www.keil.com/pack/Keil.STM32F1xx_DFP.2.4.1.pack
                Keil.STM32F1xx_DFP.2.4.1
                STMicroelectronics STM32F1 Series Device Support, Drivers and Examples

<h2>Collection of Component include folders:</h2>
  .\RTE\_01_CAN_Receiver
  C:\Users\INNOLIA F\AppData\Local\Arm\Packs\ARM\CMSIS\5.9.0\CMSIS\Core\Include
  C:\Users\INNOLIA F\AppData\Local\Arm\Packs\Keil\STM32F1xx_DFP\2.4.1\Device\Include

<h2>Collection of Component Files used:</h2>

   * Component: ARM::CMSIS:CORE:5.6.0
      Include file:  CMSIS\Core\Include\tz_context.h
Build Time Elapsed:  00:00:02
</pre>
</body>
</html>
